// Jest Snapshot v1, https://goo.gl/fbAQLP

exports[`addAssetToConsignmentSubmission creates a submission and returns its new data payload 1`] = `undefined`;
