// Jest Snapshot v1, https://goo.gl/fbAQLP

exports[`UpdateSubmissionMutation updates a submission and returns its new data payload 1`] = `
Object {
  "createConsignmentSubmission": Object {
    "clientMutationId": "2",
    "consignmentSubmission": Object {
      "artistID": "andy-warhol",
      "authenticityCertificate": true,
      "dimensionsMetric": "CM",
      "internalID": "106",
    },
  },
}
`;
