// Jest Snapshot v1, https://goo.gl/fbAQLP

exports[`Collections Handles getting collection metadata returns collection metadata 1`] = `
Object {
  "collection": Object {
    "default": true,
    "name": "Saved Artwork",
    "private": false,
  },
}
`;
