// Jest Snapshot v1, https://goo.gl/fbAQLP

exports[`Popular Artists makes a call for popular artists 1`] = `
Object {
  "popularArtists": Object {
    "artists": Array [
      Object {
        "slug": "ortina",
      },
      Object {
        "slug": "xtina",
      },
    ],
  },
}
`;
