// Jest Snapshot v1, https://goo.gl/fbAQLP

exports[`Trending Artists makes a call for trending artists 1`] = `
Array [
  Object {
    "slug": "ortina",
  },
  Object {
    "slug": "xtina",
  },
]
`;
