// Jest Snapshot v1, https://goo.gl/fbAQLP

exports[`returns artists for a user 1`] = `
Object {
  "me": Object {
    "followedArtistsConnection": Object {
      "edges": Array [
        Object {
          "node": Object {
            "artist": Object {
              "name": "Bradley Theodore",
              "slug": "bradley-theodore",
            },
          },
        },
      ],
    },
  },
}
`;
