// Jest Snapshot v1, https://goo.gl/fbAQLP

exports[`Me SuggestedArtists returns sanitized messages 1`] = `
Object {
  "suggestedArtists": Array [
    Object {
      "birthday": "1919",
      "slug": "andy-warhol",
    },
  ],
}
`;
